python : C:\Users\henri\AppData\Local\Programs\Python\Python
310\lib\site-packages\_pytest\config\__init__.py:331: 
PluggyTeardownRaisedWarning: A plugin raised an exception 
during an old-style hookwrapper teardown.
Au caractère Ligne:1 : 22
+ ... ONPATH="."; python -m pytest 
tests/unit/test_scanner_v3.py > test_out ...
+                 
~~~~~~~~~~~~~~~~~~~~~~~~~~~~~~~~~~~~~~~~~~~~~~~~~~~~~~~~~
    + CategoryInfo          : NotSpecified: (C:\Users\henri 
   \...apper teardown.:String) [], RemoteException
    + FullyQualifiedErrorId : NativeCommandError
 
Plugin: helpconfig, Hook: pytest_cmdline_parse
ImportError: cannot import name 'FixtureDef' from 'pytest' (
C:\Users\henri\AppData\Local\Programs\Python\Python310\lib\s
ite-packages\pytest\__init__.py)
For more information see https://pluggy.readthedocs.io/en/st
able/api_reference.html#pluggy.PluggyTeardownRaisedWarning
  config = pluginmanager.hook.pytest_cmdline_parse(
Traceback (most recent call last):
  File "C:\Users\henri\AppData\Local\Programs\Python\Python3
10\lib\runpy.py", line 196, in _run_module_as_main
    return _run_code(code, main_globals, None,
  File "C:\Users\henri\AppData\Local\Programs\Python\Python3
10\lib\runpy.py", line 86, in _run_code
    exec(code, run_globals)
  File "C:\Users\henri\AppData\Local\Programs\Python\Python3
10\lib\site-packages\pytest\__main__.py", line 5, in 
<module>
    raise SystemExit(pytest.console_main())
  File "C:\Users\henri\AppData\Local\Programs\Python\Python3
10\lib\site-packages\_pytest\config\__init__.py", line 192, 
in console_main
    code = main()
  File "C:\Users\henri\AppData\Local\Programs\Python\Python3
10\lib\site-packages\_pytest\config\__init__.py", line 150, 
in main
    config = _prepareconfig(args, plugins)
  File "C:\Users\henri\AppData\Local\Programs\Python\Python3
10\lib\site-packages\_pytest\config\__init__.py", line 331, 
in _prepareconfig
    config = pluginmanager.hook.pytest_cmdline_parse(
  File "C:\Users\henri\AppData\Local\Programs\Python\Python3
10\lib\site-packages\pluggy\_hooks.py", line 512, in 
__call__
    return self._hookexec(self.name, 
self._hookimpls.copy(), kwargs, firstresult)
  File "C:\Users\henri\AppData\Local\Programs\Python\Python3
10\lib\site-packages\pluggy\_manager.py", line 120, in 
_hookexec
    return self._inner_hookexec(hook_name, methods, kwargs, 
firstresult)
  File "C:\Users\henri\AppData\Local\Programs\Python\Python3
10\lib\site-packages\pluggy\_callers.py", line 167, in 
_multicall
    raise exception
  File "C:\Users\henri\AppData\Local\Programs\Python\Python3
10\lib\site-packages\pluggy\_callers.py", line 139, in 
_multicall
    teardown.throw(exception)
  File "C:\Users\henri\AppData\Local\Programs\Python\Python3
10\lib\site-packages\pluggy\_callers.py", line 43, in 
run_old_style_hookwrapper
    teardown.send(result)
  File "C:\Users\henri\AppData\Local\Programs\Python\Python3
10\lib\site-packages\_pytest\helpconfig.py", line 104, in 
pytest_cmdline_parse
    config: Config = outcome.get_result()
  File "C:\Users\henri\AppData\Local\Programs\Python\Python3
10\lib\site-packages\pluggy\_result.py", line 103, in 
get_result
    raise exc.with_traceback(tb)
  File "C:\Users\henri\AppData\Local\Programs\Python\Python3
10\lib\site-packages\pluggy\_callers.py", line 38, in 
run_old_style_hookwrapper
    res = yield
  File "C:\Users\henri\AppData\Local\Programs\Python\Python3
10\lib\site-packages\pluggy\_callers.py", line 121, in 
_multicall
    res = hook_impl.function(*args)
  File "C:\Users\henri\AppData\Local\Programs\Python\Python3
10\lib\site-packages\_pytest\config\__init__.py", line 
1075, in pytest_cmdline_parse
    self.parse(args)
  File "C:\Users\henri\AppData\Local\Programs\Python\Python3
10\lib\site-packages\_pytest\config\__init__.py", line 
1425, in parse
    self._preparse(args, addopts=addopts)
  File "C:\Users\henri\AppData\Local\Programs\Python\Python3
10\lib\site-packages\_pytest\config\__init__.py", line 
1305, in _preparse
    
self.pluginmanager.load_setuptools_entrypoints("pytest11")
  File "C:\Users\henri\AppData\Local\Programs\Python\Python3
10\lib\site-packages\pluggy\_manager.py", line 416, in 
load_setuptools_entrypoints
    plugin = ep.load()
  File "C:\Users\henri\AppData\Local\Programs\Python\Python3
10\lib\importlib\metadata\__init__.py", line 162, in load
    module = import_module(match.group('module'))
  File "C:\Users\henri\AppData\Local\Programs\Python\Python3
10\lib\importlib\__init__.py", line 126, in import_module
    return _bootstrap._gcd_import(name[level:], package, 
level)
  File "<frozen importlib._bootstrap>", line 1050, in 
_gcd_import
  File "<frozen importlib._bootstrap>", line 1027, in 
_find_and_load
  File "<frozen importlib._bootstrap>", line 992, in 
_find_and_load_unlocked
  File "<frozen importlib._bootstrap>", line 241, in 
_call_with_frames_removed
  File "<frozen importlib._bootstrap>", line 1050, in 
_gcd_import
  File "<frozen importlib._bootstrap>", line 1027, in 
_find_and_load
  File "<frozen importlib._bootstrap>", line 1006, in 
_find_and_load_unlocked
  File "<frozen importlib._bootstrap>", line 688, in 
_load_unlocked
  File "C:\Users\henri\AppData\Local\Programs\Python\Python3
10\lib\site-packages\_pytest\assertion\rewrite.py", line 
186, in exec_module
    exec(co, module.__dict__)
  File "C:\Users\henri\AppData\Local\Programs\Python\Python3
10\lib\site-packages\pytest_asyncio\__init__.py", line 6, 
in <module>
    from .plugin import fixture, is_async_test
  File "C:\Users\henri\AppData\Local\Programs\Python\Python3
10\lib\site-packages\_pytest\assertion\rewrite.py", line 
186, in exec_module
    exec(co, module.__dict__)
  File "C:\Users\henri\AppData\Local\Programs\Python\Python3
10\lib\site-packages\pytest_asyncio\plugin.py", line 36, in 
<module>
    from pytest import (
ImportError: cannot import name 'FixtureDef' from 'pytest' (
C:\Users\henri\AppData\Local\Programs\Python\Python310\lib\s
ite-packages\pytest\__init__.py)
